
> linuxhub@0.1.0 build
> next build

▲ Next.js 16.1.4 (Turbopack)

  Creating an optimized production build ...
✓ Compiled successfully in 4.1s
  Running TypeScript ...
Failed to compile.

./src/components/ui/nav-icon.tsx:12:11
Type error: Type '{ "book-open": ForwardRefExoticComponent<Omit<LucideProps, "ref"> & RefAttributes<SVGSVGElement>>; ... 6 more ...; cpu: ForwardRefExoticComponent<...>; }' is missing the following properties from type 'Record<IconName, LucideIcon>': package, palette

[0m [90m 10 |[39m     [36mif[39m ([33m![39mname) [36mreturn[39m [36mnull[39m[33m;[39m
 [90m 11 |[39m
[31m[1m>[22m[39m[90m 12 |[39m     [36mconst[39m icons[33m:[39m [33mRecord[39m[33m<[39m[33mIconName[39m[33m,[39m [33mLucideIcon[39m[33m>[39m [33m=[39m {
 [90m    |[39m           [31m[1m^[22m[39m
 [90m 13 |[39m         [32m"book-open"[39m[33m:[39m [33mBookOpen[39m[33m,[39m
 [90m 14 |[39m         [32m"download"[39m[33m:[39m [33mDownload[39m[33m,[39m
 [90m 15 |[39m         [32m"settings"[39m[33m:[39m [33mSettings[39m[33m,[39m[0m
Next.js build worker exited with code: 1 and signal: null
